WARNING: backup is old.  
CRITICAL: backup is old.  
