ERROR: Can't back up TMP/data/ccc: No such file or directory
ERROR: There were errors during the backup
