ERROR: Can't back up TMP/data/bbb: Permission denied
ERROR: R4C3BCX: There were errors during the backup
