ERROR: Can't back up TMP/data/bbb: Permission denied
ERROR: There were errors during the backup
