verify failure: RDF30DX: TMP/data/aaa: metadata change: st_mtime_sec (...)
